Compiling: (c "tests/tests.c")

Test: ts_1
4=4

Test: ts_2
4=4

Test: ts_3
5!=120

Test: ts_4
sum[0..9] = 45

Test: ts_5
(abc==cde)=1
sum[A..B] = 195

Test: ts_6
Space is ' '

Test: ts_7
100=100

Test: ts_8
1=1, 3=3
2=2

Test: ts_9
6=6

Test: ts_10
Rev: 'esaelp gnirts siht esrever'

Test: ts_11
10=10

Test: ts_12
Str='WowWowWow'

Test: ts_13
8=8

Test: ts_14
s = 's','t'

Test: ts_15
'teXt'

Test: ts_16
Space=' ' (32)

Test: ts_17
6=6

Test: ts_18
7=7

Test: ts_19
C = 64

Test: ts_20
[133][26][0][0]
[133][26][0][0]

Test: ts_21
rec 5!=120

Test: ts_22
501=501

Test: ts_23
502=502

Test: ts_24
8=8

Test: ts_25
L2
  ...

Test: ts_26
String String String

Test: ts_27
a.a=1, a.b.a = 2, a.b.b[3] = 3
TypeOf(a.b)=(struct (_stest_27) (a (integer i32)) (b (array (integer i32) 5)))

Test: ts_28
1980 = 1980, a.x = 99

Test: ts_29
2.5*3.6 = 9.000000

Test: ts_30
c=1, i=4, l=8, f=4, d=8

Test: ts_31
t1=(integer i64), t2=(integer i32), t3=(real double), t4=(ptr (integer i8)), t5=(struct (_xx) (x (array (integer i32) 5)) (y (array (real float) 10)) (next (ptr (structref _xx)))), t6=(struct (_xx) (x (array (integer i32) 5)) (y (array (real float) 10)) (next (ptr (structref _xx))))

Test: ts_32
abcd=Xabcd

Test: ts_33
Size=44
A: 1,2,3 : 1,2,3
B: 1,2,3 : 1,2,3

Test: ts_34
1,2,3

Test: ts_35
==(real double) : (ptr (integer i8))

Test: ts_36
Typeof(x) = (integer i64)

Test: ts_37
1000=1000

Test: ts_38
10=10

Test: ts_39
1,1,1,1
1,1,1,0

Test: ts_40
b=50 [50]

Test: ts_41
15=15

Test: ts_42
(2,3)=9
(3,10)=8189

Test: ts_43
X=2 (2)
X=2 (2)
X=1 (1)
X=3 (3)
X=3 (3)

Test: ts_44
100=100

Test: ts_45
1000=1000

Test: ts_47
1 2 3 4 5 10 9 8 7 4 
Sum=53

Test: ts_47x
[1][2][3][4]
1 2 3 4 
Done.
